[web.archive.org/web/20170508073843/http_/www.aim-consultants.com_80/about-us.html]
[web.archive.org/web/20170508073921/http_/www.aim-consultants.com_80/about-us/our-history.html]
[web.archive.org/web/20170513151831/http_/www.aim-consultants.com_80/index.html]
[web.archive.org/web/20170503115404/http_/www.aim-consultants.com_80/services/construction-supervision.html]
[web.archive.org/web/20170508074046/http_/www.aim-consultants.com_80/about-us/our-clients.html]
[web.archive.org/web/20170511095105/http_/www.aim-consultants.com_80/about-us/from-the-md.html]
[web.archive.org/web/20170418181951/http_/www.aim-consultants.com_80/about-us/award-recognition.html]
[web.archive.org/web/20170503115444/http_/www.aim-consultants.com_80/services/design.html]
[web.archive.org/web/20170419104735/http_/www.aim-consultants.com_80/expertise/buildings.html]
[web.archive.org/web/20170418182116/http_/www.aim-consultants.com_80/expertise/infrastructure-design.html]
[web.archive.org/web/20170418181956/http_/www.aim-consultants.com_80/expertise/urban-development.html]
[web.archive.org/web/20170420131958/http_/www.aim-consultants.com_80/about-us/csr.html]
[web.archive.org/web/20170418182121/http_/www.aim-consultants.com_80/expertise/marine-coastal.html]
[web.archive.org/web/20170423090353/http_/aim-consultants.com_80/projects.html]
[web.archive.org/web/20170511092315/http_/www.aim-consultants.com_80/careers.html]
[web.archive.org/web/20170511095134/http_/www.aim-consultants.com_80/contacts.html]
[backblue.gif]
[fade.gif]
[index.html]
[web.archive.org/web/20170513151831/http_/www.aim-consultants.com_80/index.html]
[web.archive.org/web/20170508073843/http_/www.aim-consultants.com_80/about-us.html]
[web.archive.org/web/20170511095105/http_/www.aim-consultants.com_80/about-us/from-the-md.html]
[web.archive.org/web/20170508073921/http_/www.aim-consultants.com_80/about-us/our-history.html]
[web.archive.org/web/20170508074046/http_/www.aim-consultants.com_80/about-us/our-clients.html]
[web.archive.org/web/20170418181951/http_/www.aim-consultants.com_80/about-us/award-recognition.html]
[web.archive.org/web/20170420131958/http_/www.aim-consultants.com_80/about-us/csr.html]
[web.archive.org/web/20170503115404/http_/www.aim-consultants.com_80/services/construction-supervision.html]
[web.archive.org/web/20170503115444/http_/www.aim-consultants.com_80/services/design.html]
[web.archive.org/web/20170419104735/http_/www.aim-consultants.com_80/expertise/buildings.html]
[web.archive.org/web/20170418182116/http_/www.aim-consultants.com_80/expertise/infrastructure-design.html]
[web.archive.org/web/20170418181956/http_/www.aim-consultants.com_80/expertise/urban-development.html]
[web.archive.org/web/20170418182121/http_/www.aim-consultants.com_80/expertise/marine-coastal.html]
[web.archive.org/web/20170423090353/http_/aim-consultants.com_80/projects.html]
[web.archive.org/web/20170511092315/http_/www.aim-consultants.com_80/careers.html]
[web.archive.org/web/20170511095134/http_/www.aim-consultants.com_80/contacts.html]
[archive.org/includes/analytics2a5b.js]
[archive.org/includes/analytics2a5b.js]
[analytics.archive.org/0.gif]
