[web.archive.org/web/20170508073843/http_/www.aim-consultants.com_80/about-us.html]
[web.archive.org/web/20170513151831/http_/www.aim-consultants.com_80/index.html]
[web.archive.org/web/20170511095105/http_/www.aim-consultants.com_80/about-us/from-the-md.html]
[web.archive.org/web/20170508073921/http_/www.aim-consultants.com_80/about-us/our-history.html]
[web.archive.org/web/20170508074046/http_/www.aim-consultants.com_80/about-us/our-clients.html]
[web.archive.org/web/20170418181951/http_/www.aim-consultants.com_80/about-us/award-recognition.html]
[web.archive.org/web/20170420131958/http_/www.aim-consultants.com_80/about-us/csr.html]
[backblue.gif]
[fade.gif]
[index.html]
[archive.org/includes/analytics2a5b.js]
[web.archive.org/web/20170513153240js_/https_/ajax.googleapis.com/ajax/libs/jquery/1.7/jquery.min.js]
[web.archive.org/web/20170513151831/http_/www.aim-consultants.com_80/index.html]
[web.archive.org/web/20170508073843/http_/www.aim-consultants.com_80/about-us.html]
[web.archive.org/web/20170511095105/http_/www.aim-consultants.com_80/about-us/from-the-md.html]
[web.archive.org/web/20170508073921/http_/www.aim-consultants.com_80/about-us/our-history.html]
[web.archive.org/web/20170508074046/http_/www.aim-consultants.com_80/about-us/our-clients.html]
[web.archive.org/web/20170418181951/http_/www.aim-consultants.com_80/about-us/award-recognition.html]
[web.archive.org/web/20170420131958/http_/www.aim-consultants.com_80/about-us/csr.html]
[archive.org/includes/analytics2a5b.js]
[analytics.archive.org/0.gif]
